
> frontend@0.1.0 test
> react-scripts test src/test/Hero.test.js --watchAll=false

PASS src/test/Hero.test.js
  Hero Component Debug
    √ simple test (2 ms)

Test Suites: 1 passed, 1 total
Tests:       1 passed, 1 total
Snapshots:   0 total
Time:        1.917 s
Ran all test suites matching /src\\test\\Hero.test.js/i.
